INFO: [VRFC 10-2263] Analyzing Verilog file "M:/2010/IVBO-11-23/Timur_Tuk/Pr_1_plis_sem_6/Pr_1_plis_sem_6.srcs/sources_1/new/BTN_FLTR.v" into library xil_defaultlib
INFO: [VRFC 10-311] analyzing module BTN_FLTR
INFO: [VRFC 10-2263] Analyzing Verilog file "M:/2010/IVBO-11-23/Timur_Tuk/Pr_1_plis_sem_6/Pr_1_plis_sem_6.srcs/sources_1/new/DC_ASCII_HEX.v" into library xil_defaultlib
INFO: [VRFC 10-311] analyzing module DC_ASCII_HEX
INFO: [VRFC 10-2263] Analyzing Verilog file "M:/2010/IVBO-11-23/Timur_Tuk/Pr_1_plis_sem_6/Pr_1_plis_sem_6.srcs/sources_1/new/DC_HEX_ASCII.v" into library xil_defaultlib
INFO: [VRFC 10-311] analyzing module DC_HEX_ASCII
INFO: [VRFC 10-2263] Analyzing Verilog file "M:/2010/IVBO-11-23/Timur_Tuk/Pr_1_plis_sem_6/Pr_1_plis_sem_6.srcs/sources_1/new/DIVIDER.v" into library xil_defaultlib
INFO: [VRFC 10-311] analyzing module DIVIDER
INFO: [VRFC 10-2263] Analyzing Verilog file "M:/2010/IVBO-11-23/Timur_Tuk/Pr_1_plis_sem_6/Pr_1_plis_sem_6.srcs/sources_1/new/DMI_FSM.v" into library xil_defaultlib
INFO: [VRFC 10-311] analyzing module DMI_FSM
INFO: [VRFC 10-2263] Analyzing Verilog file "M:/2010/IVBO-11-23/Timur_Tuk/Pr_1_plis_sem_6/Pr_1_plis_sem_6.srcs/sources_1/new/DMI_ROM.v" into library xil_defaultlib
INFO: [VRFC 10-311] analyzing module DMI_ROM
INFO: [VRFC 10-2263] Analyzing Verilog file "M:/2010/IVBO-11-23/Timur_Tuk/Pr_1_plis_sem_6/Pr_1_plis_sem_6.srcs/sources_1/new/UART.v" into library xil_defaultlib
INFO: [VRFC 10-311] analyzing module UART
INFO: [VRFC 10-2263] Analyzing Verilog file "M:/2010/IVBO-11-23/Timur_Tuk/Pr_1_plis_sem_6/Pr_1_plis_sem_6.srcs/sources_1/new/counter.v" into library xil_defaultlib
INFO: [VRFC 10-311] analyzing module counter
INFO: [VRFC 10-2263] Analyzing Verilog file "M:/2010/IVBO-11-23/Timur_Tuk/Pr_1_plis_sem_6/Pr_1_plis_sem_6.srcs/sources_1/new/TOP.v" into library xil_defaultlib
INFO: [VRFC 10-311] analyzing module TOP
INFO: [VRFC 10-2263] Analyzing Verilog file "M:/2010/IVBO-11-23/Timur_Tuk/Pr_1_plis_sem_6/Pr_1_plis_sem_6.srcs/sim_1/new/test.v" into library xil_defaultlib
INFO: [VRFC 10-311] analyzing module test
INFO: [VRFC 10-2263] Analyzing Verilog file "M:/2010/IVBO-11-23/Timur_Tuk/Pr_1_plis_sem_6/Pr_1_plis_sem_6.srcs/sim_1/new/test_uart.v" into library xil_defaultlib
INFO: [VRFC 10-311] analyzing module test_uart
