Copyright 1986-2022 Xilinx, Inc. All Rights Reserved.
------------------------------------------------------------------------------------
| Tool Version : Vivado v.2022.2 (win64) Build 3671981 Fri Oct 14 05:00:03 MDT 2022
| Date         : Sat May  2 12:07:11 2026
| Host         : v78-g110b-w0006 running 64-bit major release  (build 9200)
| Command      : report_control_sets -verbose -file TOP_control_sets_placed.rpt
| Design       : TOP
| Device       : xc7a100t
------------------------------------------------------------------------------------

Control Set Information

Table of Contents
-----------------
1. Summary
2. Histogram
3. Flip-Flop Distribution
4. Detailed Control Set Information

1. Summary
----------

+----------------------------------------------------------+-------+
|                          Status                          | Count |
+----------------------------------------------------------+-------+
| Total control sets                                       |    17 |
|    Minimum number of control sets                        |    17 |
|    Addition due to synthesis replication                 |     0 |
|    Addition due to physical synthesis replication        |     0 |
| Unused register locations in slices containing registers |    64 |
+----------------------------------------------------------+-------+
* Control sets can be merged at opt_design using control_set_merge or merge_equivalent_drivers
** Run report_qor_suggestions for automated merging and remapping suggestions


2. Histogram
------------

+--------------------+-------+
|       Fanout       | Count |
+--------------------+-------+
| Total control sets |    17 |
| >= 0 to < 4        |     2 |
| >= 4 to < 6        |     3 |
| >= 6 to < 8        |     2 |
| >= 8 to < 10       |     3 |
| >= 10 to < 12      |     1 |
| >= 12 to < 14      |     0 |
| >= 14 to < 16      |     0 |
| >= 16              |     6 |
+--------------------+-------+
* Control sets can be remapped at either synth_design or opt_design


3. Flip-Flop Distribution
-------------------------

+--------------+-----------------------+------------------------+-----------------+--------------+
| Clock Enable | Synchronous Set/Reset | Asynchronous Set/Reset | Total Registers | Total Slices |
+--------------+-----------------------+------------------------+-----------------+--------------+
| No           | No                    | No                     |               0 |            0 |
| No           | No                    | Yes                    |              32 |           14 |
| No           | Yes                   | No                     |               6 |            4 |
| Yes          | No                    | No                     |               0 |            0 |
| Yes          | No                    | Yes                    |             200 |           60 |
| Yes          | Yes                   | No                     |              34 |           10 |
+--------------+-----------------------+------------------------+-----------------+--------------+


4. Detailed Control Set Information
-----------------------------------

+----------------+-------------------------------------+------------------------------+------------------+----------------+--------------+
|  Clock Signal  |            Enable Signal            |       Set/Reset Signal       | Slice Load Count | Bel Load Count | Bels / Slice |
+----------------+-------------------------------------+------------------------------+------------------+----------------+--------------+
|  CLK_IBUF_BUFG | DMI_UART/TXD_i_1_n_0                | FSM/AR[0]                    |                1 |              1 |         1.00 |
|  CLK_IBUF_BUFG |                                     | SYS_NRST_IBUF                |                1 |              2 |         2.00 |
|  CLK_IBUF_BUFG | DMI_UART/RX_SAMP_CT[3]_i_1_n_0      | FSM/AR[0]                    |                1 |              4 |         4.00 |
|  CLK_IBUF_BUFG | DMI_UART/TX_SAMP_CT[3]_i_1_n_0      | FSM/AR[0]                    |                1 |              4 |         4.00 |
|  CLK_IBUF_BUFG | FSM/RES_CT[4]_i_1_n_0               | FSM/AR[0]                    |                4 |              5 |         1.25 |
|  CLK_IBUF_BUFG | FSM/ADDR[6]_i_1_n_0                 | FSM/AR[0]                    |                3 |              7 |         2.33 |
|  CLK_IBUF_BUFG | FSM/END_ADDR[6]_i_1_n_0             | FSM/AR[0]                    |                4 |              7 |         1.75 |
|  CLK_IBUF_BUFG | DMI_UART/TX_DATA                    | FSM/AR[0]                    |                2 |              8 |         4.00 |
|  CLK_IBUF_BUFG | FSM/TX_DATA_T[7]_i_1_n_0            | FSM/AR[0]                    |                3 |              8 |         2.67 |
|  CLK_IBUF_BUFG | FSM/FSM_onehot_FSM_STATE[8]_i_1_n_0 | FSM/AR[0]                    |                3 |              9 |         3.00 |
|  CLK_IBUF_BUFG | DMI_UART/RX_DATA_T[7]_i_1_n_0       | FSM/AR[0]                    |                3 |             11 |         3.67 |
|  CLK_IBUF_BUFG | RST_S_reg_n_0_[1]                   | FSM/AR[0]                    |                5 |             17 |         3.40 |
|  CLK_IBUF_BUFG | CLK_DIV/CEO                         | BTN_FLTR_1/cnt[0]_i_1__0_n_0 |                5 |             17 |         3.40 |
|  CLK_IBUF_BUFG | CLK_DIV/CEO                         | BTN_FLTR_0/cnt[0]_i_1_n_0    |                5 |             17 |         3.40 |
|  CLK_IBUF_BUFG | DMI_UART/RX_DATA_EN_reg_0[0]        | FSM/AR[0]                    |                8 |             31 |         3.88 |
|  CLK_IBUF_BUFG |                                     | FSM/AR[0]                    |               17 |             36 |         2.12 |
|  CLK_IBUF_BUFG | DMI_UART/E[0]                       | FSM/AR[0]                    |               22 |             88 |         4.00 |
+----------------+-------------------------------------+------------------------------+------------------+----------------+--------------+


